../external/CMSIS/core_cm4.h:1688:22:__NVIC_EnableIRQ	16	static
../main.c:72:6:model_update	56	static
../main.c:93:14:clampf	24	static
../main.c:101:13:pi_init	32	static
../main.c:114:14:pi_step	40	static
../main.c:130:6:pi_set_kp	16	static
../main.c:136:6:pi_set_ki	16	static
../main.c:142:13:pwm_init	4	static
../main.c:166:13:pwm_set_duty	32	static
../main.c:188:13:controller_subsystem_init	8	static
../main.c:196:6:uart_init	4	static
../main.c:210:6:uart_send	16	static
../main.c:218:6:uart_send_str	24	static
../main.c:225:6:uart_recv	8	static
../main.c:234:6:System_init	4	static
../main.c:246:6:Gpio_init	4	static
../main.c:278:6:Timer2_config	8	static
../main.c:290:6:TIM2_IRQHandler	4	static
../main.c:308:6:Interrupt_handler	4	static
../main.c:313:14:model_output_u3	4	static
../main.c:318:5:main	16	static
